// Jest Snapshot v1, https://goo.gl/fbAQLP

exports[`PostCard React-Redux Component should render with given state from Redux store 1`] = `
<div
  className="sc-bdfBwQ jUntii"
  onClick={[Function]}
>
  <div
    className="sc-gsTCUz hoelXU"
  >
    <div
      className="sc-dlfnbm cQNAav"
    >
      <span
        className="sc-hKgILt jlJhHq"
      />
      <h2
        className="sc-eCssSg jXVPLx"
      >
        bentoboxkiller
      </h2>
      <span
        className="sc-jSgupP dKQLHt"
      >
        <time
          dateTime={"2021-01-21T20:26:24.000Z"}
        >
          10 hours ago
        </time>
      </span>
    </div>
    <div
      className="sc-gKsewC gpEKeI"
    >
      <img
        alt="Hey you finally awake"
        className="sc-iBPRYJ fjFCwn"
        src="https://b.thumbs.redditmedia.com/Pk5G9kE74kcDC9Ckkj65aCHqXyO7NFefq0aCXM8oKEw.jpg"
      />
      <h1
        className="sc-fubCfw gEgwfV"
      >
        Hey you finally awake
      </h1>
      <svg
        fill="white"
        height="16"
        viewBox="0 0 407.436 407.436"
        width="16"
      >
        <polygon
          points="112.814,0 91.566,21.178 273.512,203.718 91.566,386.258 112.814,407.436 315.869,203.718 "
        />
      </svg>
    </div>
    <div
      className="sc-pFZIQ kCSKrU"
    >
      <button
        className="sc-jrAGrp jySDZz"
        onClick={[Function]}
      >
        <svg
          fill="orange"
          height="20"
          space="preserve"
          viewBox="0 0 511.995 511.995"
          width="20"
        >
          <g>
            <g>
              <path
                d="M437.126,74.939c-99.826-99.826-262.307-99.826-362.133,0C26.637,123.314,0,187.617,0,256.005 s26.637,132.691,74.993,181.047c49.923,49.923,115.495,74.874,181.066,74.874s131.144-24.951,181.066-74.874 C536.951,337.226,536.951,174.784,437.126,74.939z M409.08,409.006c-84.375,84.375-221.667,84.375-306.042,0 c-40.858-40.858-63.37-95.204-63.37-153.001s22.512-112.143,63.37-153.021c84.375-84.375,221.667-84.355,306.042,0 C493.435,187.359,493.435,324.651,409.08,409.006z"
              />
            </g>
            <g>
              <path
                d="M341.525,310.827l-56.151-56.071l56.151-56.071c7.735-7.735,7.735-20.29,0.02-28.046 c-7.755-7.775-20.31-7.755-28.065-0.02l-56.19,56.111l-56.19-56.111c-7.755-7.735-20.31-7.755-28.065,0.02 c-7.735,7.755-7.735,20.31,0.02,28.046l56.151,56.071l-56.151,56.071c-7.755,7.735-7.755,20.29-0.02,28.046 c3.868,3.887,8.965,5.811,14.043,5.811s10.155-1.944,14.023-5.792l56.19-56.111l56.19,56.111 c3.868,3.868,8.945,5.792,14.023,5.792c5.078,0,10.175-1.944,14.043-5.811C349.28,331.117,349.28,318.562,341.525,310.827z"
              />
            </g>
          </g>
        </svg>
        Dismiss post
      </button>
      <span
        className="sc-kEjbxe fQooOP"
      >
        551
         comments
      </span>
    </div>
  </div>
</div>
`;
